------------------------------------------------------------
TimeQuest Timing Analyzer Summary
------------------------------------------------------------

Type  : Slow 1200mV 85C Model Setup 'divclk:dclk|o_clk'
Slack : -3.736
TNS   : -29.955

Type  : Slow 1200mV 85C Model Setup 'clk'
Slack : -3.222
TNS   : -63.791

Type  : Slow 1200mV 85C Model Hold 'divclk:dclk|o_clk'
Slack : 0.453
TNS   : 0.000

Type  : Slow 1200mV 85C Model Hold 'clk'
Slack : 0.492
TNS   : 0.000

Type  : Slow 1200mV 85C Model Minimum Pulse Width 'clk'
Slack : -3.000
TNS   : -43.149

Type  : Slow 1200mV 85C Model Minimum Pulse Width 'divclk:dclk|o_clk'
Slack : -1.487
TNS   : -19.331

Type  : Slow 1200mV 0C Model Setup 'divclk:dclk|o_clk'
Slack : -3.341
TNS   : -26.691

Type  : Slow 1200mV 0C Model Setup 'clk'
Slack : -2.985
TNS   : -56.287

Type  : Slow 1200mV 0C Model Hold 'divclk:dclk|o_clk'
Slack : 0.401
TNS   : 0.000

Type  : Slow 1200mV 0C Model Hold 'clk'
Slack : 0.454
TNS   : 0.000

Type  : Slow 1200mV 0C Model Minimum Pulse Width 'clk'
Slack : -3.000
TNS   : -43.149

Type  : Slow 1200mV 0C Model Minimum Pulse Width 'divclk:dclk|o_clk'
Slack : -1.487
TNS   : -19.331

Type  : Fast 1200mV 0C Model Setup 'divclk:dclk|o_clk'
Slack : -1.066
TNS   : -5.456

Type  : Fast 1200mV 0C Model Setup 'clk'
Slack : -0.836
TNS   : -13.475

Type  : Fast 1200mV 0C Model Hold 'divclk:dclk|o_clk'
Slack : 0.186
TNS   : 0.000

Type  : Fast 1200mV 0C Model Hold 'clk'
Slack : 0.197
TNS   : 0.000

Type  : Fast 1200mV 0C Model Minimum Pulse Width 'clk'
Slack : -3.000
TNS   : -31.734

Type  : Fast 1200mV 0C Model Minimum Pulse Width 'divclk:dclk|o_clk'
Slack : -1.000
TNS   : -13.000

------------------------------------------------------------
